Uncaught exception:
  
  (Failure "Could not find name x.")

