File "tests/labelled_args.meja", line 39, characters 11-15:
Error: Unbound constructor true.
