File "tests/let-nonrecursive.meja", line 1, characters 20-21:
Error: Unbound value f.
