File "tests/list.meja", line 7, characters 13-18:
Error: Unbound constructor false.
