File "tests/match.meja", line 55, characters 6-10:
Error: Unbound constructor true.
