File "tests/modules.meja", line 52, characters 10-14:
Error: Unbound constructor true.
