File "tests/wrong_optional_arg.meja", line 5, characters 32-34:
Error: Incompatable types 'a and field:
       Cannot unify option(_) and field
